
[36m========================================[0m
[36m  公文流转系统 - 全功能测试[0m
[36m========================================[0m

[33m--- Part 1: 飞书 API 凭证测试 ---[0m
  [32m[PASS][0m 飞书 Tenant Token 获取
  [32m[PASS][0m 飞书消息发送

[33m--- Part 2: 启动服务器 ---[0m
  [32m[PASS][0m 服务器启动 (健康检查)

[33m--- Part 3: 页面路由测试 ---[0m
  [32m[PASS][0m 页面: 首页
  [32m[PASS][0m 页面: AI聊天
  [32m[PASS][0m 页面: 飞书
  [32m[PASS][0m 页面: 飞书聊天

[33m--- Part 4: 登录 API 测试 ---[0m
  [32m[PASS][0m 登录 (admin)
  [32m[PASS][0m 获取用户信息

[33m--- Part 5: 统计 API 测试 ---[0m
  [32m[PASS][0m 系统统计
  [32m[PASS][0m 假期余额
  [32m[PASS][0m 我的请假
  [32m[PASS][0m 待审批列表
  [32m[PASS][0m 自然语言查询: balance
  [32m[PASS][0m 自然语言查询: my-leave
  [32m[PASS][0m 自然语言查询: pending
  [32m[PASS][0m 自然语言查询: docs

[33m--- Part 6: 公文 API 测试 ---[0m
  [32m[PASS][0m 公文列表
  [32m[PASS][0m 创建公文

[33m--- Part 7: 请假 API 测试 ---[0m
  [32m[PASS][0m 请假列表
  [32m[PASS][0m 请假统计
  [32m[PASS][0m 创建请假

[33m--- Part 8: AI 智能体 API 测试 ---[0m
  [32m[PASS][0m 智能体列表
  [32m[PASS][0m AI 对话 (general)
  [31m[FAIL][0m 意图分类 - intent=undefined
  [32m[PASS][0m AI 对话 (data agent)

[33m--- Part 9: 飞书集成 API 测试 ---[0m
  [32m[PASS][0m 飞书配置
  [32m[PASS][0m 飞书绑定列表
  [32m[PASS][0m 通知配置

[33m--- Part 10: 多智能体协作 API 测试 ---[0m
  [32m[PASS][0m 协作模式列表
  [32m[PASS][0m 协作计划生成

[33m--- Part 11: 用户管理 API 测试 ---[0m
  [32m[PASS][0m 用户列表

[33m--- 停止服务器 ---[0m
  服务器已停止

[36m========================================[0m
[36m  测试完成[0m
[36m========================================[0m
  [32m通过: 31[0m
  [31m失败: 1[0m
  总计: 32

  [33m[WARN] 有 1 个测试失败[0m
